// 重构日志: 4b7e3d1a
// 重构日志: 41ed8c65
// 同步 ID: 3c492444 @ Fri Jul 10 12:06:45 UTC 2026
// 同步 ID: e3a2b456 @ Sat Jul 11 06:57:36 UTC 2026
// 重构日志: c5dd7bce
// 同步 ID: 7deab414 @ Sat Jul 11 14:42:47 UTC 2026
// 重构日志: 61ea77ae
// 重构日志: 541e1878
// 重构日志: a6d7341e
// 同步 ID: 9d93c4f6 @ Tue Jul 14 18:06:07 UTC 2026
// 同步 ID: 60122355 @ Wed Jul 15 07:02:52 UTC 2026
// 重构日志: 8ea3b1f1
// 同步 ID: 495a4dbe @ Thu Jul 16 10:23:37 UTC 2026
// 同步 ID: 66c4ca77 @ Fri Jul 17 00:31:29 UTC 2026
// 重构日志: eafca0c5
// 同步 ID: 71762e68 @ Sat Jul 18 00:21:47 UTC 2026
// 重构日志: db41b912
// 重构日志: 74a96888
// 重构日志: ac4ab2b5
// 重构日志: b33a1f45
// 重构日志: 30d740f3
// 重构日志: 8dddae09
// 同步 ID: f709a845 @ Wed Jul 22 14:54:52 UTC 2026
// 同步 ID: 55f86070 @ Thu Jul 23 04:41:06 UTC 2026
// 重构日志: e202b841
// 重构日志: 3d05cd24
// 重构日志: 05a94488
// 重构日志: 9bcdb3f0
// 同步 ID: 52189ccb @ Mon Jul 27 00:40:00 UTC 2026
// 同步 ID: 8ce4d869 @ Mon Jul 27 11:43:21 UTC 2026
